[2026-09-15T23:31:08Z] === ENRICH ITERATION 2 START | repo=apple/foundationdb sha=b507ba2f ===
[2026-09-15T23:31:08Z] [iter=2] PHASE START: enrich repo=apple/foundationdb sha=b507ba2f runlog=/home/runner/work/forx/forx/storage/aggregate/lsp/logs/b507ba2f-enrich-iter-002.log output=/home/runner/work/forx/forx/storage/aggregate/lsp/b507ba2f1f125a0af73b2a8b97074e15dad1db25.nq.gz
[2026-09-15T23:31:08Z] [iter=2] Step 1: Loading AST into disk-backed store mem_mb=78 MB
[2026-09-15T23:39:17Z] [iter=2] AST store loaded triples=27809369 load_secs=483 mem_mb=1065 MB
[2026-09-15T23:39:17Z] [iter=2] Step 2: Finding LSP targets mem_mb=1065 MB
[2026-09-15T23:40:00Z] [iter=2] LSP targets found call_sites=276505 imports=6238 extends=1366 implements=0 secs=43
[2026-09-15T23:40:01Z] [iter=2] Loaded checkpoint partial graph triples=26949
[2026-09-15T23:40:33Z] [iter=2] Step 2.7: Building position index (one-shot, shared across resolvers) mem_mb=1065 MB
[2026-09-15T23:42:08Z] [iter=2] Position index built positions=1829903 nodes_with_types=2297810 secs=95 mem_mb=3793 MB
[2026-09-15T23:42:08Z] [iter=2] Step 3: Starting LSP resolution mem_mb=3793 MB already_completed_types=[] already_completed_files=5
[2026-09-15T23:42:08Z] [iter=2] Resolving target type target_type=call_site count=276505
[2026-09-15T23:42:15Z] [iter=2] HEARTBEAT target_type=call_site elapsed_min=11.1 files_done=0 resolved=0 errors=0 current=fdbclient/TaskBucket.actor.cpp
[2026-09-16T00:31:50Z] [iter=2] HEARTBEAT target_type=call_site elapsed_min=60.7 files_done=1 resolved=0 errors=495 current=fdbserver/LocalConfiguration.actor.cpp
[2026-09-16T00:51:38Z] [iter=2] HEARTBEAT target_type=call_site elapsed_min=80.5 files_done=2 resolved=1 errors=695 current=flow/include/flow/TDMetric.actor.h
[2026-09-16T01:04:00Z] [iter=2] HEARTBEAT target_type=call_site elapsed_min=92.9 files_done=3 resolved=14 errors=819 current=fdbserver/CommitProxyServer.actor.cpp
[2026-09-16T02:30:03Z] [iter=2] HEARTBEAT target_type=call_site elapsed_min=178.9 files_done=4 resolved=90 errors=1687 current=fdbclient/BackupContainerFileSystem.actor.cpp
[2026-09-16T03:31:29Z] [iter=2] CHECKPOINT TRIGGERED elapsed_min=240.4 files_completed=9 new_files_this_iter=4 mem_mb=3835 MB
[2026-09-16T03:31:29Z] [iter=2] Writing partial enrichment graph path=/home/runner/work/forx/forx/storage/aggregate/lsp/b507ba2f1f125a0af73b2a8b97074e15dad1db25.nq.gz triples=35027
[2026-09-16T03:31:30Z] [iter=2] Checkpoint written, exiting with code 7
[2026-09-16T03:31:30Z] [iter=2] PHASE END: enrich (checkpointed) elapsed_s=14422 elapsed_min=240.4 files_completed=9
